
 NX   Running target serve for project api and 1 task it depends on:



> nx run api:build  [local cache]

> webpack-cli build --node-env=production

chunk (runtime: main) [1m[32mmain.js[39m[22m (main) 1.34 MiB [1m[33m[entry][39m[22m [1m[32m[rendered][39m[22m
webpack compiled [1m[32msuccessfully[39m[22m (0f82e6965ae5dc0d)

> nx run api:serve:development

[2m> [22m[2mnx run[22m api:build:development  [2m[local cache][22m
[2m> [22mwebpack-cli build --node-env=development
chunk (runtime: main) [1m[32mmain.js[39m[22m (main) 1.34 MiB [1m[33m[entry][39m[22m [1m[32m[rendered][39m[22m
webpack compiled [1m[32msuccessfully[39m[22m (97d74833dbbd9f88)
[0m[7m[1m[32m NX [39m[22m[27m[0m  [32mSuccessfully ran target [1mbuild[22m for project api[39m
[2mNx read the output from the cache instead of running the command for 1 out of 1 tasks.[22m
[0m[7m[1m[33m NX [39m[22m[27m[0m  [33mNx detected a flaky task[39m
  api:build:development
[0m[7m[1m[33m NX [39m[22m[27m[0m  [33mNx Cloud encountered some problems[39m
This workspace is more than three days old and is not connected. Workspaces must be connected within 3 days of creation. Claim your workspace at https://cloud.nx.app. (code: 401)
[1m[31mDebugger listening on ws://localhost:9229/47e86cfb-2546-46a7-a604-ce672c37ad15[39m[22m
[1m[31mDebugger listening on ws://localhost:9229/47e86cfb-2546-46a7-a604-ce672c37ad15[39m[22m
[1m[31mFor help, see: https://nodejs.org/en/docs/inspector[39m[22m
[1m[31m[39m[22m
[32m[Nest] 7958  - [39m12/11/2025, 6:34:20 PM [32m    LOG[39m [38;5;3m[NestFactory] [39m[32mStarting Nest application...[39m
[1m[31m[31m[Nest] 7958  - [39m[31m12/11/2025, 6:34:20 PM [31m  ERROR[39m[31m [38;5;3m[ExceptionHandler] [39m[31mError: Vapid public key should be 65 bytes long when decoded.[39m[22m
[1m[31m    at Object.validatePublicKey [90m(/app/[39m[31mnode_modules/[4mweb-push[24m/src/vapid-helper.js:111:11[90m)[39m[31m[39m[22m
[1m[31m    at Object.WebPushLib.setVapidDetails [90m(/app/[39m[31mnode_modules/[4mweb-push[24m/src/web-push-lib.js:60:17[90m)[39m[31m[39m[22m
[1m[31m    at new PushNotificationsService [90m(/app/[39m[31mapps/backend/api/src/app/push-notifications/push-notifications.service.ts:11:1[90m)[39m[31m[39m[22m
[1m[31m    at Injector.instantiateClass [90m(/app/[39m[31mnode_modules/[4m@nestjs/core[24m/injector/injector.js:418:19[90m)[39m[31m[39m[22m
[1m[31m    at callback [90m(/app/[39m[31mnode_modules/[4m@nestjs/core[24m/injector/injector.js:70:45[90m)[39m[31m[39m[22m
[1m[31m[90m    at processTicksAndRejections (node:internal/process/task_queues:105:5)[39m[31m[39m[22m
[1m[31m    at Injector.resolveConstructorParams [90m(/app/[39m[31mnode_modules/[4m@nestjs/core[24m/injector/injector.js:170:24[90m)[39m[31m[39m[22m
[1m[31m    at Injector.loadInstance [90m(/app/[39m[31mnode_modules/[4m@nestjs/core[24m/injector/injector.js:75:13[90m)[39m[31m[39m[22m
[1m[31m    at Injector.loadProvider [90m(/app/[39m[31mnode_modules/[4m@nestjs/core[24m/injector/injector.js:103:9[90m)[39m[31m[39m[22m
[1m[31m    at [90m/app/[39m[31mnode_modules/[4m@nestjs/core[24m/injector/instance-loader.js:56:13[39m[22m
[1m[31m[39m[22m
[7m[1m[36m NX [39m[22m[27m [1mProcess exited with code 1, waiting for changes to restart...[22m
[1m[31mWatch error: Daemon closed the connection[39m[22m
Task "api:serve:development" is continuous but exited with code 1



 NX   Successfully ran target serve for project api and 1 task it depends on

Nx read the output from the cache instead of running the command for 1 out of 2 tasks.


 NX   Nx Cloud encountered some problems

This workspace is more than three days old and is not connected. Workspaces must be connected within 3 days of creation. Claim your workspace at https://cloud.nx.app. (code: 401)
