
> nx run client-web:serve:development

[33m❯[39m Building...
[32m✔[39m Building...
[37m[1mInitial chunk files[22m[2m | [22m[1mNames[22m                  [2m | [22m [1mRaw size[22m[39m
[37m[32mmain.js[39m[37m            [2m | [22m[2mmain[22m                   [2m | [22m[36m272.05 kB[39m[37m[2m | [22m[39m
[37m[32mchunk-C626K224.js[39m[37m  [2m | [22m[2m-[22m                      [2m | [22m [36m36.77 kB[39m[37m[2m | [22m[39m
[37m[32mchunk-EQU2W7TZ.js[39m[37m  [2m | [22m[2m-[22m                      [2m | [22m [36m14.87 kB[39m[37m[2m | [22m[39m
[37m[32mchunk-PGDNUSQR.js[39m[37m  [2m | [22m[2m-[22m                      [2m | [22m  [36m7.13 kB[39m[37m[2m | [22m[39m
[37m[32mchunk-55MMCR2D.js[39m[37m  [2m | [22m[2m-[22m                      [2m | [22m  [36m6.68 kB[39m[37m[2m | [22m[39m
[37m[32mchunk-E2AKELJY.js[39m[37m  [2m | [22m[2m-[22m                      [2m | [22m  [36m6.29 kB[39m[37m[2m | [22m[39m
[37m[32mchunk-DX7K5CU5.js[39m[37m  [2m | [22m[2m-[22m                      [2m | [22m  [36m4.76 kB[39m[37m[2m | [22m[39m
[37m[32mchunk-L6TN2TYF.js[39m[37m  [2m | [22m[2m-[22m                      [2m | [22m  [36m4.19 kB[39m[37m[2m | [22m[39m
[37m[32mstyles.css[39m[37m         [2m | [22m[2mstyles[22m                 [2m | [22m  [36m3.00 kB[39m[37m[2m | [22m[39m
[37m[32mchunk-5PJF7XGX.js[39m[37m  [2m | [22m[2m-[22m                      [2m | [22m  [36m2.84 kB[39m[37m[2m | [22m[39m
[37m[32mchunk-FHOR4FOP.js[39m[37m  [2m | [22m[2m-[22m                      [2m | [22m  [36m2.30 kB[39m[37m[2m | [22m[39m
[37m[32mchunk-653SOEEV.js[39m[37m  [2m | [22m[2m-[22m                      [2m | [22m  [36m1.51 kB[39m[37m[2m | [22m[39m
[37m[32mchunk-L5NJ76MK.js[39m[37m  [2m | [22m[2m-[22m                      [2m | [22m  [36m1.02 kB[39m[37m[2m | [22m[39m
[37m[32mchunk-WGHN6JCH.js[39m[37m  [2m | [22m[2m-[22m                      [2m | [22m  [36m1.02 kB[39m[37m[2m | [22m[39m
[37m[32mchunk-P6GSDH53.js[39m[37m  [2m | [22m[2m-[22m                      [2m | [22m[36m402 bytes[39m[37m[2m | [22m[39m
[37m[39m
[37m[1m [22m                  [2m | [22m[1mInitial total[22m          [2m | [22m[1m364.84 kB[22m[39m
[37m[39m
[37m[1mLazy chunk files[22m   [2m | [[39m[37m22m[1mNames[22m                  [2m | [22m [1mRaw size[22m[39m
[37m[32mchunk-MZFDLJOV.js[39m[37m  [2m | [22m[2mdashboard-page[22m         [2m | [22m[36m453.48 kB[39m[37m[2m | [22m[39m
[37m[32mchunk-OSQYBV4N.js[39m[37m  [2m | [22m[2mmy-profile-page[22m        [2m | [22m[36m167.70 kB[39m[37m[2m | [22m[39m
[37m[32mchunk-N75RNIGL.js[39m[37m  [2m | [22m[2mregister-page[22m          [2m | [22m[36m109.30 kB[39m[37m[2m | [22m[39m
[37m[32mchunk-EIAT3WXR.js[39m[37m  [2m | [22m[2muser-management-page[22m   [2m | [22m [36m91.15 kB[39m[37m[2m | [22m[39m
[37m[32mchunk-DFYD4XJC.js[39m[37m  [2m | [22m[2m-[22m                      [2m | [22m [36m62.31 kB[39m[37m[2m | [22m[39m
[37m[32mchunk-FWH24QP4.js[39m[37m  [2m | [22m[2mlogin-page[22m             [2m | [22m [36m55.11 kB[39m[37m[2m | [22m[39m
[37m[32mchunk-US3OLOQD.js[39m[37m  [2m | [22m[2mbranding-page[22m          [2m | [22m [36m51.70 kB[39m[37m[2m | [22m[39m
[37m[32mchunk-OA6AAJDM.js[39m[37m  [2m | [22m[2mjournal-entry-form-page[22m[2m | [22m [36m49.03 kB[39m[37m[2m | [22m[39m
[37m[32mchunk-UMONQR3U.js[39m[37m  [2m | [22m[2maccount-form-page[22m      [2m | [22m [36m48.58 kB[39m[37m[2m | [22m[39m
[37m[32mchunk-QDJHRGEQ.js[39m[37m  [2m | [22m[2mchart-of-accounts-page[22m [2m | [22m [36m44.88 kB[39m[37m[2m | [22m[39m
[37m[32mchunk-LUHXQNG7.js[39m[37m  [2m | [22m[2mnew-page[22m               [2m | [22m [36m42.12 kB[39m[37m[2m | [22m[39m
[37m[32mchunk-3VQU2UTD.js[39m[37m  [2m | [22m[2mpos-page[22m               [2m | [22m [36m36.09 kB[39m[37m[2m | [22m[39m
[37m[32mchunk-D4UBKRHC.js[39m[37m  [2m | [22m[2mdata-imports-page[22m      [2m | [22m [36m35.38 kB[39m[37m[2m | [22m[39m
[37m[32mchunk-3CZA5BZJ.js[39m[37m  [2m | [22m[2mproduct-form-page[22m      [2m | [22m [36m33.45 kB[39m[37m[2m | [22m[39m
[37m[32mchunk-Z5IDOHOM.js[39m[37m  [2m | [22m[2msubsidiaries-page[22m      [2m | [22m [36m33.01 kB[39m[37m[2m | [22m[39m
[37m[2m...and 109 more lazy chunks files. Use "--verbose" to show all the files.[22m[39m
[37m[39m
[37mApplication bundle generation complete. [19.245 seconds] - 2025-12-10T19:27:19.747Z[39m
[37m[39m
[1m[33m[33m▲ [43;33m[[43;30mWARNING[43;33m][0m [1mNG8113: LoaderComponent is not used within the template of App[0m [1m[35m[plugin angular-compiler][0m[39m[22m
[1m[33m[39m[22m
[1m[33m    apps/core/client-web/src/app/app.ts:16:56:[39m[22m
[1m[33m[37m      16 │ ...omponent, CommonModule, [32mLoaderComponent[37m, GeoMismatchModalCompon...[39m[22m
[1m[33m         ╵                            [32m~~~~~~~~~~~~~~~[0m[39m[22m
[1m[33m[39m[22m
[1m[33m[39m[22m
[1m[33m[33m▲ [43;33m[[43;30mWARNING[43;33m][0m [1mNG8113: RouterLink is not used within the template of AccountFormPage[0m [1m[35m[plugin angular-compiler][0m[39m[22m
[1m[33m[39m[22m
[1m[33m    apps/core/client-web/src/app/features/accounting/account-form/account-form.page.ts:15:47:[39m[22m
[1m[33m[37m      15 │ ...mmonModule, ReactiveFormsModule, [32mRouterLink[37m, LucideAngularModule],[39m[22m
[1m[33m         ╵                                     [32m~~~~~~~~~~[0m[39m[22m
[1m[33m[39m[22m
[1m[33m[39m[22m
[1m[33m[33m▲ [43;33m[[43;30mWARNING[43;33m][0m [1mNG8113: GeoMismatchModalComponent is not used within the template of RegisterPage[0m [1m[35m[plugin angular-compiler][0m[39m[22m
[1m[33m[39m[22m
[1m[33m    apps/core/client-web/src/app/features/auth/register/register.page.ts:75:4:[39m[22m
[1m[33m[37m      75 │     [32mGeoMismatchModalComponent[37m,[39m[22m
[1m[33m         ╵     [32m~~~~~~~~~~~~~~~~~~~~~~~~~[0m[39m[22m
[1m[33m[39m[22m
[1m[33m[39m[22m
[1m[33m[33m▲ [43;33m[[43;30mWARNING[43;33m][0m [1mNG8113: AuthInputComponent is not used within the template of RegisterPage[0m [1m[35m[plugin angular-compiler][0m[39m[22m
[1m[33m[39m[22m
[1m[33m    apps/core/client-web/src/app/features/auth/register/register.page.ts:78:4:[39m[22m
[1m[33m[37m      78 │     [32mAuthInputComponent[37m,[39m[22m
[1m[33m         ╵     [32m~~~~~~~~~~~~~~~~~~[0m[39m[22m
[1m[33m[39m[22m
[1m[33m[39m[22m
[1m[33m[33m▲ [43;33m[[43;30mWARNING[43;33m][0m [1mNG8113: HasPermissionDirective is not used within the template of ProductFormPage[0m [1m[35m[plugin angular-compiler][0m[39m[22m
[1m[33m[39m[22m
[1m[33m    apps/core/client-web/src/app/features/inventory/product-form/product-form.page.ts:14:80:[39m[22m
[1m[33m[37m      14 │ ...ReactiveFormsModule, LucideAngularModule, [32mHasPermissionDirective[37m],[39m[22m
[1m[33m         ╵                                              [32m~~~~~~~~~~~~~~~~~~~~~~[0m[39m[22m
[1m[33m[39m[22m
[1m[33m[39m[22m
[1m[33m[33m▲ [43;33m[[43;30mWARNING[43;33m][0m [1mNG8113[39m[22m[1m[33m: RouterLink is not used within the template of InvoiceDetailPage[0m [1m[35m[plugin angular-compiler][0m[39m[22m
[1m[33m[39m[22m
[1m[33m    apps/core/client-web/src/app/features/invoices/detail/detail.page.ts:12:47:[39m[22m
[1m[33m[37m      12 │   imports: [CommonModule, LucideAngularModule, [32mRouterLink[37m],[39m[22m
[1m[33m         ╵                                                [32m~~~~~~~~~~[0m[39m[22m
[1m[33m[39m[22m
[1m[33m[39m[22m
[1m[33m[33m▲ [43;33m[[43;30mWARNING[43;33m][0m [1mNG8113: HasPermissionDirective is not used within the template of TaxesPage[0m [1m[35m[plugin angular-compiler][0m[39m[22m
[1m[33m[39m[22m
[1m[33m    apps/core/client-web/src/app/features/masters/taxes/taxes.page.ts:13:59:[39m[22m
[1m[33m[37m      13 │ ...nModule, LucideAngularModule, RouterLink, [32mHasPermissionDirective[37m],[39m[22m
[1m[33m         ╵                                              [32m~~~~~~~~~~~~~~~~~~~~~~[0m[39m[22m
[1m[33m[39m[22m
[1m[33m[39m[22m
[1m[33m[33m▲ [43;33m[[43;30mWARNING[43;33m][0m [1mNG8113: ConfirmationModalComponent is not used within the template of SecuritySettingsComponent[0m [1m[35m[plugin angular-compiler][0m[39m[22m
[1m[33m[39m[22m
[1m[33m    apps/core/client-web/src/app/features/settings/components/security-settings/security-settings.component.ts:17:94:[39m[22m
[1m[33m[37m      17 │ ...Module, QRCodeComponent, FormsModule, [32mConfirmationModalComponent[37m],[39m[22m
[1m[33m         ╵                                          [32m~~~~~~~~~~~~~~~~~~~~~~~~~~[0m[39m[22m
[1m[33m[39m[22m
[1m[33m[39m[22m
[1m[33m[33m▲ [43;33m[[43;30mWARNING[43;33m][0m [1mNG8113: LoaderComponent is not used within the template of SettingsLayout[0m [1m[35m[plugin angular-compiler][0m[39m[22m
[1m[33m[39m[22m
[1m[33m    apps/core/client-web/src/app/features/settings/layout/settings.layout.ts:40:4:[39m[22m
[1m[33m[37m      40 │     [32mLoaderComponent[37m[39m[22m
[1m[33m         ╵     [32m~~~~~~~~~~~~~~~[0m[39m[22m
[1m[33m[39m[22m
[1m[33m[39m[22m
[37mWatch mode enabled. Watching for file changes...[39m
[37mNOTE: Raw file sizes do not reflect development server per-request transformations.[39m
  [32m➜[39m  [1mLocal[22m:   [36mhttp://localhost:[1m4200[22m/[39m
